============================================================
 ­čÜÇ ROZPOCZYNAM TESTY ANALIZY PARAGON├ôW (TERMINAL ONLY)
 ­čôé Katalog pr├│bek: D:\projekty\ParagonOCR\data\samples
============================================================
Ôťů Serwisy zainicjowane poprawnie.


­čö╣ PRZETWARZANIE: 20250121_063301.pdf
   1´ŞĆÔâú  OCR / Ekstrakcja tekstu... B┼ü─äD: Nie uda┼éo si─Ö przetworzy─ç pliku PDF ani tekstowo, ani obrazkowo.

­čö╣ PRZETWARZANIE: Biedra20251118.pdf
   1´ŞĆÔâú  OCR / Ekstrakcja tekstu... B┼ü─äD: Nie uda┼éo si─Ö przetworzy─ç pliku PDF ani tekstowo, ani obrazkowo.

­čö╣ PRZETWARZANIE: auchan.pdf
   1´ŞĆÔâú  OCR / Ekstrakcja tekstu... B┼ü─äD: Nie uda┼éo si─Ö przetworzy─ç pliku PDF ani tekstowo, ani obrazkowo.

­čö╣ PRZETWARZANIE: kaufland.pdf
   1´ŞĆÔâú  OCR / Ekstrakcja tekstu... B┼ü─äD: Nie uda┼éo si─Ö przetworzy─ç pliku PDF ani tekstowo, ani obrazkowo.

­čö╣ PRZETWARZANIE: 20250125lidl.png
   1´ŞĆÔâú  OCR / Ekstrakcja tekstu... B┼ü─äD: tesseract is not installed or it's not in your PATH. See README file for more information.

­čö╣ PRZETWARZANIE: lidl.png
   1´ŞĆÔâú  OCR / Ekstrakcja tekstu... B┼ü─äD: tesseract is not installed or it's not in your PATH. See README file for more information.

============================================================
 ­čôŐ PODSUMOWANIE WYNIK├ôW
============================================================
PLIK                      | STATUS     | SKLEP           | KWOTA     
-----------------------------------------------------------------
20250121_063301.pdf       | ÔŁî FAIL   | Nie uda┼éo si─Ö przetworzy─ç
Biedra20251118.pdf        | ÔŁî FAIL   | Nie uda┼éo si─Ö przetworzy─ç
auchan.pdf                | ÔŁî FAIL   | Nie uda┼éo si─Ö przetworzy─ç
kaufland.pdf              | ÔŁî FAIL   | Nie uda┼éo si─Ö przetworzy─ç
20250125lidl.png          | ÔŁî FAIL   | tesseract is not installe
lidl.png                  | ÔŁî FAIL   | tesseract is not installe
============================================================
